// Jest Snapshot v1, https://goo.gl/fbAQLP

exports[`DaysOfWeek renders correctly for current month 1`] = `
<div
  className="container"
>
  <div
    className="calendarContainer"
  >
    <div
      className="container"
    >
      <svg
        fill="currentColor"
        height="1em"
        onClick={[Function]}
        stroke="currentColor"
        strokeWidth="0"
        style={
          Object {
            "color": undefined,
          }
        }
        viewBox="0 0 24 24"
        width="1em"
        xmlns="http://www.w3.org/2000/svg"
      >
        <path
          d="M15.41 16.09l-4.58-4.59 4.58-4.59L14 5.5l-6 6 6 6z"
        />
      </svg>
      September 2019
      <svg
        fill="currentColor"
        height="1em"
        onClick={[Function]}
        stroke="currentColor"
        strokeWidth="0"
        style={
          Object {
            "color": undefined,
          }
        }
        viewBox="0 0 24 24"
        width="1em"
        xmlns="http://www.w3.org/2000/svg"
      >
        <path
          d="M8.59 16.34l4.58-4.59-4.58-4.59L10 5.75l6 6-6 6z"
        />
      </svg>
    </div>
    <div
      className="container"
    >
      <table
        cellPadding="2"
        cellSpacing="2"
        className="calendarDays"
      >
        <thead>
          <tr
            className="container"
          >
            <td>
              Sun
            </td>
            <td>
              Mon
            </td>
            <td>
              Tue
            </td>
            <td>
              Wed
            </td>
            <td>
              Thu
            </td>
            <td>
              Fri
            </td>
            <td>
              Sat
            </td>
          </tr>
        </thead>
        <tbody>
          <tr>
            <td
              className="dayCell"
              onClick={[Function]}
            >
              1
            </td>
            <td
              className="dayCell"
              onClick={[Function]}
            >
              2
            </td>
            <td
              className="dayCell"
              onClick={[Function]}
            >
              3
            </td>
            <td
              className="dayCell"
              onClick={[Function]}
            >
              4
            </td>
            <td
              className="dayCell"
              onClick={[Function]}
            >
              5
            </td>
            <td
              className="dayCell"
              onClick={[Function]}
            >
              6
            </td>
            <td
              className="dayCell"
              onClick={[Function]}
            >
              7
            </td>
          </tr>
          <tr>
            <td
              className="dayCell"
              onClick={[Function]}
            >
              8
            </td>
            <td
              className="dayCell"
              onClick={[Function]}
            >
              9
            </td>
            <td
              className="dayCell"
              onClick={[Function]}
            >
              10
            </td>
            <td
              className="dayCell"
              onClick={[Function]}
            >
              11
            </td>
            <td
              className="dayCell"
              onClick={[Function]}
            >
              12
            </td>
            <td
              className="dayCell"
              onClick={[Function]}
            >
              13
            </td>
            <td
              className="dayCell"
              onClick={[Function]}
            >
              14
            </td>
          </tr>
          <tr>
            <td
              className="dayCell"
              onClick={[Function]}
            >
              15
            </td>
            <td
              className="dayCell"
              onClick={[Function]}
            >
              16
            </td>
            <td
              className="dayCell"
              onClick={[Function]}
            >
              17
            </td>
            <td
              className="dayCell"
              onClick={[Function]}
            >
              18
            </td>
            <td
              className="dayCell"
              onClick={[Function]}
            >
              19
            </td>
            <td
              className="dayCell"
              onClick={[Function]}
            >
              20
            </td>
            <td
              className="dayCell"
              onClick={[Function]}
            >
              21
            </td>
          </tr>
          <tr>
            <td
              className="dayCell"
              onClick={[Function]}
            >
              22
            </td>
            <td
              className="dayCell"
              onClick={[Function]}
            >
              23
            </td>
            <td
              className="dayCell"
              onClick={[Function]}
            >
              24
            </td>
            <td
              className="dayCell"
              onClick={[Function]}
            >
              25
            </td>
            <td
              className="dayCell"
              onClick={[Function]}
            >
              26
            </td>
            <td
              className="dayCell"
              onClick={[Function]}
            >
              27
            </td>
            <td
              className="dayCell"
              onClick={[Function]}
            >
              28
            </td>
          </tr>
          <tr>
            <td
              className="dayCell"
              onClick={[Function]}
            >
              29
            </td>
            <td
              className="dayCell"
              onClick={[Function]}
            >
              30
            </td>
          </tr>
        </tbody>
      </table>
    </div>
  </div>
  <div
    className="sidepanel"
  />
</div>
`;
