// Jest Snapshot v1, https://goo.gl/fbAQLP

exports[`CalendarTable renders correctly with all days of week 1`] = `
Array [
  <tr>
    <td
      className="emptyCell"
    />
    <td
      className="emptyCell"
    />
    <td
      className="dayCell"
      onClick={[Function]}
    >
      1
    </td>
    <td
      className="dayCell"
      onClick={[Function]}
    >
      2
    </td>
    <td
      className="dayCell"
      onClick={[Function]}
    >
      3
    </td>
    <td
      className="dayCell"
      onClick={[Function]}
    >
      4
    </td>
    <td
      className="dayCell"
      onClick={[Function]}
    >
      5
    </td>
  </tr>,
  <tr>
    <td
      className="dayCell"
      onClick={[Function]}
    >
      6
    </td>
    <td
      className="dayCell"
      onClick={[Function]}
    >
      7
    </td>
    <td
      className="dayCell"
      onClick={[Function]}
    >
      8
    </td>
    <td
      className="dayCell"
      onClick={[Function]}
    >
      9
    </td>
    <td
      className="dayCell"
      onClick={[Function]}
    >
      10
    </td>
    <td
      className="dayCell"
      onClick={[Function]}
    >
      11
    </td>
    <td
      className="dayCell"
      onClick={[Function]}
    >
      12
    </td>
  </tr>,
  <tr>
    <td
      className="dayCell"
      onClick={[Function]}
    >
      13
    </td>
    <td
      className="dayCell"
      onClick={[Function]}
    >
      14
    </td>
    <td
      className="dayCell"
      onClick={[Function]}
    >
      15
    </td>
    <td
      className="dayCell"
      onClick={[Function]}
    >
      16
    </td>
    <td
      className="dayCell"
      onClick={[Function]}
    >
      17
    </td>
    <td
      className="dayCell"
      onClick={[Function]}
    >
      18
    </td>
    <td
      className="dayCell"
      onClick={[Function]}
    >
      19
    </td>
  </tr>,
  <tr>
    <td
      className="dayCell"
      onClick={[Function]}
    >
      20
    </td>
    <td
      className="dayCell"
      onClick={[Function]}
    >
      21
    </td>
    <td
      className="dayCell"
      onClick={[Function]}
    >
      22
    </td>
    <td
      className="dayCell"
      onClick={[Function]}
    >
      23
    </td>
    <td
      className="dayCell"
      onClick={[Function]}
    >
      24
    </td>
    <td
      className="dayCell"
      onClick={[Function]}
    >
      25
    </td>
    <td
      className="dayCell"
      onClick={[Function]}
    >
      26
    </td>
  </tr>,
  <tr>
    <td
      className="dayCell"
      onClick={[Function]}
    >
      27
    </td>
    <td
      className="dayCell"
      onClick={[Function]}
    >
      28
    </td>
    <td
      className="dayCell"
      onClick={[Function]}
    >
      29
    </td>
    <td
      className="dayCell"
      onClick={[Function]}
    >
      30
    </td>
  </tr>,
]
`;
